// Jest Snapshot v1, https://goo.gl/fbAQLP

exports[`<BackToCatalog/> matches snapshot 1`] = `
<div>
  <header
    class="sc-bdnxRM kODaaW"
  >
    <div
      class="sc-gtsrHT bkbeeT"
    >
      <select
        name="lang"
      >
        <option
          value="en-us"
        >
          en
        </option>
        <option
          value="uk-UA"
        >
          ua
        </option>
      </select>
      <select
        name="theme"
      >
        <option
          value="dark"
        >
          dark
        </option>
        <option
          value="light"
        >
          light
        </option>
      </select>
      <h1>
        Thank you
      </h1>
    </div>
    <div
      class="sc-gtsrHT sc-dlnjwi bkbeeT jFMDrI"
    />
  </header>
  <h1
    class="sc-fnVZcZ lphUeV"
  >
    Thank you
     !
  </h1>
  <button
    class="sc-hKFxyN sc-jrsJWt sc-fFSPTT auEyk csBBMh tMxJr"
  >
    Go to catalog
  </button>
</div>
`;
